// 重构日志: af7a3113
// 同步 ID: ea08b7ec @ Wed Jul  8 16:40:38 UTC 2026
// 同步 ID: bf65ba4c @ Fri Jul 10 17:48:19 UTC 2026
// 重构日志: 4db9ed6b
// 重构日志: b0429bd9
// 重构日志: 9214d735
// 重构日志: ed845faa
// 重构日志: eccf5510
// 同步 ID: 39f471ef @ Wed Jul 15 17:38:33 UTC 2026
// 同步 ID: 36bc97b5 @ Fri Jul 17 00:01:29 UTC 2026
// 同步 ID: 53304e3e @ Fri Jul 17 13:01:37 UTC 2026
// 同步 ID: d5a6cd93 @ Sat Jul 18 11:19:50 UTC 2026
// 同步 ID: 092cc7be @ Mon Jul 20 11:11:39 UTC 2026
// 同步 ID: 3f58c64f @ Tue Jul 21 07:05:26 UTC 2026
// 重构日志: e6870ac3
// 同步 ID: 70bd1acf @ Thu Jul 23 23:45:52 UTC 2026
// 同步 ID: 27f727a8 @ Sat Jul 25 12:14:25 UTC 2026
// 重构日志: 795068c2
// 重构日志: 46e277fc
// 重构日志: 14aef303
// 同步 ID: d49c64c0 @ Sun Aug  2 17:23:44 UTC 2026
// 重构日志: b4079747
// 重构日志: bcdcbb37
// 同步 ID: 5ed2837c @ Thu Aug  6 05:32:57 UTC 2026
// 同步 ID: 769e0b68 @ Thu Aug  6 11:32:34 UTC 2026
// 重构日志: afeb2644
// 重构日志: b2100fb4
// 重构日志: 7588a18e
// 重构日志: c6900808
// 同步 ID: aa94cf6e @ Fri Aug  7 12:39:39 UTC 2026
// 重构日志: 16bde5a8
// 重构日志: 8c5e4609
